Build a compliance report

Usage:
  report [flags]

Examples:

To create a new report:
lula report -f oscal-component-definition.yaml

To create a new report in json format:
lula report -f oscal-component-definition.yaml --file-format json

To create a new report in yaml format:
lula report -f oscal-component-definition.yaml --file-format yaml


Flags:
      --file-format string   File format of the report (default "table")
  -h, --help                 help for report
  -f, --input-file string    Path to an OSCAL file
